{"features": ["autocomplete", "compute", "describe-protocol", "exit", "lookup", "lookup/documentation", "pop", "push", "search"], "kind": "protocol-info", "version": 1}
{"kind": "response", "query-id": "1", "response": [], "status": "success"}
{"kind": "response", "query-id": "2", "response": {"defined-at": null, "documentation": null, "name": "Minimal.hello", "type": null}, "status": "success"}
