{"features": ["autocomplete", "compute", "describe-protocol", "exit", "lookup", "lookup/documentation", "pop", "push", "search"], "kind": "protocol-info", "version": 1}
{"kind": "response", "query-id": "1", "response": [], "status": "success"}
