{"features": ["autocomplete", "compute", "describe-protocol", "describe-repl", "exit", "lookup", "lookup/documentation", "lookup/definition", "pop", "peek", "push", "search"], "kind": "protocol-info", "version": 1}
{"kind": "response", "query-id": "1", "response": [], "status": "success"}
{"kind": "response", "query-id": "2", "response": [], "status": "success"}
{"kind": "response", "query-id": "3", "response": [], "status": "success"}
{"kind": "response", "query-id": "4", "response": [], "status": "success"}
{"kind": "response", "query-id": "5", "response": [], "status": "success"}
{"kind": "response", "query-id": "6", "response": [], "status": "success"}
{"kind": "response", "query-id": "7", "response": [], "status": "success"}
{"kind": "response", "query-id": "8", "response": [{"level": "error", "message": "Identifier not found: [raise]", "ranges": [{"beg": [43, 32], "end": [43, 37], "fname": "<input>"}]}], "status": "failure"}
{"kind": "response", "query-id": "9", "response": [], "status": "success"}
{"kind": "response", "query-id": "10", "response": [{"level": "error", "message": "Identifier not found: [checkedRead]", "ranges": [{"beg": [54, 11], "end": [54, 22], "fname": "<input>"}]}], "status": "failure"}
{"kind": "response", "query-id": "11", "response": [{"level": "error", "message": "Identifier not found: [staticChecking]", "ranges": [{"beg": [60, 11], "end": [60, 25], "fname": "<input>"}]}], "status": "failure"}
{"kind": "response", "query-id": "a1", "response": null, "status": "success"}
{"kind": "response", "query-id": "a2", "response": null, "status": "success"}
{"kind": "response", "query-id": "a3", "response": null, "status": "success"}
{"kind": "response", "query-id": "a4", "response": null, "status": "success"}
{"kind": "response", "query-id": "a5", "response": null, "status": "success"}
{"kind": "response", "query-id": "a6", "response": null, "status": "success"}
{"kind": "response", "query-id": "a7", "response": null, "status": "success"}
{"kind": "response", "query-id": "a8", "response": null, "status": "success"}
{"kind": "response", "query-id": "a9", "response": "Too many pops", "status": "failure"}
{"kind": "response", "query-id": "a10", "response": "Too many pops", "status": "failure"}
{"kind": "response", "query-id": "a11", "response": "Too many pops", "status": "failure"}
{"kind": "response", "query-id": "a12", "response": "Too many pops", "status": "failure"}
